MPLINK 5.09, LINKER
Linker Map File - Created Wed Nov 01 21:39:37 2023

                                 Section Info
                  Section       Type    Address   Location Size(Bytes)
                ---------  ---------  ---------  ---------  ---------
                   .org_0       code   0x000000    program   0x000004
                   .cinit    romdata   0x000004    program   0x000002
                   .org_1       code   0x000008    program   0x00002e
.config_300001_BUILD/DEFAULT/PRODUCTION/TEST.O    romdata   0x300001    program   0x000001
.config_300003_BUILD/DEFAULT/PRODUCTION/TEST.O    romdata   0x300003    program   0x000001



                              Program Memory Usage 
                               Start         End      
                           ---------   ---------      
                            0x000000    0x000005      
                            0x000008    0x000035      
                            0x300001    0x300001      
                            0x300003    0x300003      
            54 out of 33048 program addresses used, program memory utilization is 0%



                              Symbols - Sorted by Name
                     Name    Address   Location    Storage File                     
                ---------  ---------  ---------  --------- ---------                
             AD_interrupt   0x000014    program     static C:\Users\chaim\Desktop\E C E\ING4\MICROCONTROLEURS\FunctionGenerator\FunctionGenerator.X\test.asm
               irq_handle   0x00000c    program     static C:\Users\chaim\Desktop\E C E\ING4\MICROCONTROLEURS\FunctionGenerator\FunctionGenerator.X\test.asm
                prog_init   0x00001c    program     static C:\Users\chaim\Desktop\E C E\ING4\MICROCONTROLEURS\FunctionGenerator\FunctionGenerator.X\test.asm
                 start_AD   0x000030    program     static C:\Users\chaim\Desktop\E C E\ING4\MICROCONTROLEURS\FunctionGenerator\FunctionGenerator.X\test.asm



                              Symbols - Sorted by Address
                     Name    Address   Location    Storage File                     
                ---------  ---------  ---------  --------- ---------                
               irq_handle   0x00000c    program     static C:\Users\chaim\Desktop\E C E\ING4\MICROCONTROLEURS\FunctionGenerator\FunctionGenerator.X\test.asm
             AD_interrupt   0x000014    program     static C:\Users\chaim\Desktop\E C E\ING4\MICROCONTROLEURS\FunctionGenerator\FunctionGenerator.X\test.asm
                prog_init   0x00001c    program     static C:\Users\chaim\Desktop\E C E\ING4\MICROCONTROLEURS\FunctionGenerator\FunctionGenerator.X\test.asm
                 start_AD   0x000030    program     static C:\Users\chaim\Desktop\E C E\ING4\MICROCONTROLEURS\FunctionGenerator\FunctionGenerator.X\test.asm


